3 5
380, 382, 388, 394, 580, 
1090, 1087, 1108, 1129, 1780, 
1800, 1792, 1828, 1864, 2980, 