3 5
16, 14, 16, 18, 20, 
22, 24, 26, 28, 120, 
122, 124, 126, 128, 130, 