3 5
-14, -10, -10, -10, -10, 
-10, -10, -10, -10, -100, 
-100, -100, -100, -100, -100, 